// Jest Snapshot v1, https://goo.gl/fbAQLP

exports[` 1`] = `
<div
  className="section-header"
>
  <h2>
    Test text
  </h2>
</div>
`;
