// Jest Snapshot v1, https://goo.gl/fbAQLP

exports[`Layout should render correctly 1`] = `
<div
  className="default-layout"
>
  <span>
    Some Child Content
  </span>
</div>
`;
