// Jest Snapshot v1, https://goo.gl/fbAQLP

exports[`AddTodo should render correctly 1`] = `
<div
  className="add-todo"
>
  <Input
    onChange={[Function]}
    onKeyPress={[Function]}
    placeholder="What do you need to get done?"
    type="text"
    value=""
  />
  <Button
    color="secondary"
    onClick={[Function]}
    tag="button"
  >
    <FontAwesomeIcon$1
      border={false}
      className=""
      fixedWidth={false}
      flip={null}
      icon={
        Object {
          "icon": Array [
            448,
            512,
            Array [],
            "f067",
            "M448 294.2v-76.4c0-13.3-10.7-24-24-24H286.2V56c0-13.3-10.7-24-24-24h-76.4c-13.3 0-24 10.7-24 24v137.8H24c-13.3 0-24 10.7-24 24v76.4c0 13.3 10.7 24 24 24h137.8V456c0 13.3 10.7 24 24 24h76.4c13.3 0 24-10.7 24-24V318.2H424c13.3 0 24-10.7 24-24z",
          ],
          "iconName": "plus",
          "prefix": "fas",
        }
      }
      listItem={false}
      mask={null}
      name=""
      pull={null}
      pulse={false}
      rotation={null}
      size={null}
      spin={false}
      symbol={false}
      transform={null}
    />
  </Button>
</div>
`;
